../Src/main.c:87:6:SysTick_Handler	4	static
../Src/main.c:92:10:millis	4	static
../Src/main.c:97:6:SysTick_Init	4	static
../Src/main.c:118:6:PWM_Init	4	static
../Src/main.c:161:6:Set_PWM_Percent	16	static
../Src/main.c:175:6:DIR_Init	4	static
../Src/main.c:191:6:Set_Direction	16	static
../Src/main.c:209:6:USART2_Init	4	static
../Src/main.c:240:9:USART2_ByteAvailable	4	static
../Src/main.c:246:6:USART2_ReadByte	4	static
../Src/main.c:251:6:USART2_SendByte	16	static
../Src/main.c:261:6:USART2_SendString	16	static
../Src/main.c:274:6:Door_Stop	8	static
../Src/main.c:282:6:Door_Open	8	static
../Src/main.c:293:6:Door_Close	8	static
../Src/main.c:304:6:Door_Toggle	8	static
../Src/main.c:316:6:Door_Update	16	static
../Src/main.c:346:6:Handle_Command	16	static
../Src/main.c:378:5:main	16	static
